2025-03-16 15:31:32 [INFO] org.testng.internal.Utils - [Utils] MethodGroupsHelper.collectMethodsByGroup() took 0 ms.
2025-03-16 15:31:32 [INFO] org.testng.internal.Utils - [Utils] MethodGroupsHelper.sortMethods() took 2 ms.
2025-03-16 15:31:32 [INFO] org.testng.internal.Utils - [Utils] MethodGroupsHelper.collectMethodsByGroup() took 0 ms.
2025-03-16 15:31:32 [INFO] org.testng.internal.Utils - [Utils] MethodGroupsHelper.sortMethods() took 0 ms.
2025-03-16 15:31:32 [INFO] org.testng.internal.Utils - [Utils] MethodGroupsHelper.collectMethodsByGroup() took 0 ms.
2025-03-16 15:31:32 [INFO] org.testng.internal.Utils - [Utils] MethodGroupsHelper.sortMethods() took 0 ms.
2025-03-16 15:31:32 [INFO] org.testng.internal.Utils - [Utils] MethodGroupsHelper.collectMethodsByGroup() took 0 ms.
2025-03-16 15:31:32 [INFO] org.testng.internal.Utils - [Utils] MethodGroupsHelper.sortMethods() took 0 ms.
2025-03-16 15:31:32 [INFO] org.testng.internal.Utils - [Utils] MethodGroupsHelper.collectMethodsByGroup() took 4 ms.
2025-03-16 15:31:32 [INFO] org.testng.internal.Utils - [Utils] MethodGroupsHelper.sortMethods() took 27 ms.
2025-03-16 15:31:32 [INFO] org.testng.internal.Utils - [Utils] MethodGroupsHelper.collectMethodsByGroup() took 0 ms.
2025-03-16 15:31:32 [INFO] org.testng.internal.Utils - [Utils] MethodGroupsHelper.sortMethods() took 0 ms.
2025-03-16 15:31:32 [INFO] org.testng.internal.Utils - [Utils] MethodGroupsHelper.collectMethodsByGroup() took 0 ms.
2025-03-16 15:31:32 [INFO] org.testng.internal.Utils - [Utils] MethodGroupsHelper.sortMethods() took 0 ms.
2025-03-16 15:31:32 [INFO] org.testng.internal.Utils - [Utils] MethodGroupsHelper.collectMethodsByGroup() took 0 ms.
2025-03-16 15:31:32 [INFO] org.testng.internal.Utils - [Utils] MethodGroupsHelper.sortMethods() took 0 ms.
2025-03-16 15:31:32 [INFO] org.testng.internal.Utils - [Utils] MethodGroupsHelper.collectMethodsByGroup() took 0 ms.
2025-03-16 15:31:32 [INFO] org.testng.internal.Utils - [Utils] MethodGroupsHelper.sortMethods() took 0 ms.
2025-03-16 15:31:32 [INFO] org.testng.internal.Utils - [Utils] MethodGroupsHelper.collectMethodsByGroup() took 0 ms.
2025-03-16 15:31:32 [INFO] org.testng.internal.Utils - [Utils] MethodGroupsHelper.sortMethods() took 0 ms.
2025-03-16 15:31:32 [INFO] org.testng.internal.Utils - [Utils] MethodGroupsHelper.collectMethodsByGroup() took 0 ms.
2025-03-16 15:31:32 [INFO] org.testng.internal.Utils - [Utils] MethodGroupsHelper.sortMethods() took 0 ms.
2025-03-16 15:31:32 [INFO] org.testng.internal.Utils - [Utils] MethodGroupsHelper.collectMethodsByGroup() took 0 ms.
2025-03-16 15:31:32 [INFO] org.testng.internal.Utils - [Utils] MethodGroupsHelper.sortMethods() took 0 ms.
2025-03-16 15:31:32 [INFO] org.testng.internal.Utils - [Utils] MethodGroupsHelper.collectMethodsByGroup() took 2 ms.
2025-03-16 15:31:32 [INFO] org.testng.internal.Utils - [Utils] MethodGroupsHelper.sortMethods() took 0 ms.
2025-03-16 15:31:32 [INFO] org.testng.internal.Utils - [Utils] MethodGroupsHelper.collectMethodsByGroup() took 0 ms.
2025-03-16 15:31:32 [INFO] org.testng.internal.Utils - [Utils] MethodGroupsHelper.sortMethods() took 0 ms.
2025-03-16 15:31:32 [INFO] org.testng.internal.Utils - [Utils] MethodGroupsHelper.collectMethodsByGroup() took 0 ms.
2025-03-16 15:31:32 [INFO] org.testng.internal.Utils - [Utils] MethodGroupsHelper.sortMethods() took 0 ms.
2025-03-16 15:31:32 [INFO] org.testng.internal.Utils - [TestNG] Running:
  C:\Users\LENOVO\AppData\Local\Temp\testng-eclipse-905447542\testng-customsuite.xml

2025-03-16 15:31:33 [INFO] org.testng.internal.Utils - [Utils] DynamicGraphHelper.createDynamicGraph() took 10 ms.
2025-03-16 15:31:33 [INFO] tests.CreateUserTest - Sending POST request: {
    "name": "Gopal Pawar",
    "job": "QA Engineer"
}

2025-03-16 15:31:36 [INFO] tests.CreateUserTest - Response received: {"name":"Gopal Pawar","job":"QA Engineer","id":"451","createdAt":"2025-03-16T10:01:35.528Z"}
2025-03-16 15:31:37 [INFO] tests.CreateUserTest - Test Passed: User created successfully
2025-03-16 15:31:37 [INFO] org.testng.internal.Utils - [TestNG] Time taken by org.testng.internal.ExitCodeListener@61a87366: 0 ms
2025-03-16 15:31:37 [INFO] org.testng.internal.Utils - [TestNG] Time taken by org.testng.reporters.SuiteHTMLReporter@17fbfb02: 123 ms
2025-03-16 15:31:37 [INFO] org.testng.internal.Utils - [TestNG] Time taken by org.testng.reporters.jq.Main@1471b98d: 249 ms
2025-03-16 15:31:37 [INFO] org.testng.internal.Utils - [TestNG] Time taken by org.testng.reporters.FailedReporter@5514579e: 0 ms
2025-03-16 15:31:37 [INFO] org.testng.internal.Utils - [TestNG] Time taken by org.testng.reporters.XMLReporter@214b342f: 9 ms
2025-03-16 15:31:37 [INFO] org.testng.internal.Utils - [TestNG] Time taken by org.testng.reporters.EmailableReporter2@e26a3df: 8 ms
2025-03-16 15:31:37 [INFO] org.testng.internal.Utils - [TestNG] Time taken by org.testng.reporters.JUnitReportReporter@6d969330: 6 ms
2025-03-16 15:33:03 [INFO] org.testng.internal.Utils - [Utils] MethodGroupsHelper.collectMethodsByGroup() took 1 ms.
2025-03-16 15:33:03 [INFO] org.testng.internal.Utils - [Utils] MethodGroupsHelper.sortMethods() took 3 ms.
2025-03-16 15:33:03 [INFO] org.testng.internal.Utils - [Utils] MethodGroupsHelper.collectMethodsByGroup() took 0 ms.
2025-03-16 15:33:03 [INFO] org.testng.internal.Utils - [Utils] MethodGroupsHelper.sortMethods() took 0 ms.
2025-03-16 15:33:03 [INFO] org.testng.internal.Utils - [Utils] MethodGroupsHelper.collectMethodsByGroup() took 0 ms.
2025-03-16 15:33:03 [INFO] org.testng.internal.Utils - [Utils] MethodGroupsHelper.sortMethods() took 0 ms.
2025-03-16 15:33:03 [INFO] org.testng.internal.Utils - [Utils] MethodGroupsHelper.collectMethodsByGroup() took 0 ms.
2025-03-16 15:33:03 [INFO] org.testng.internal.Utils - [Utils] MethodGroupsHelper.sortMethods() took 0 ms.
2025-03-16 15:33:03 [INFO] org.testng.internal.Utils - [Utils] MethodGroupsHelper.collectMethodsByGroup() took 7 ms.
2025-03-16 15:33:03 [INFO] org.testng.internal.Utils - [Utils] MethodGroupsHelper.sortMethods() took 35 ms.
2025-03-16 15:33:03 [INFO] org.testng.internal.Utils - [Utils] MethodGroupsHelper.collectMethodsByGroup() took 0 ms.
2025-03-16 15:33:03 [INFO] org.testng.internal.Utils - [Utils] MethodGroupsHelper.sortMethods() took 0 ms.
2025-03-16 15:33:03 [INFO] org.testng.internal.Utils - [Utils] MethodGroupsHelper.collectMethodsByGroup() took 0 ms.
2025-03-16 15:33:03 [INFO] org.testng.internal.Utils - [Utils] MethodGroupsHelper.sortMethods() took 0 ms.
2025-03-16 15:33:03 [INFO] org.testng.internal.Utils - [Utils] MethodGroupsHelper.collectMethodsByGroup() took 0 ms.
2025-03-16 15:33:03 [INFO] org.testng.internal.Utils - [Utils] MethodGroupsHelper.sortMethods() took 0 ms.
2025-03-16 15:33:03 [INFO] org.testng.internal.Utils - [Utils] MethodGroupsHelper.collectMethodsByGroup() took 0 ms.
2025-03-16 15:33:03 [INFO] org.testng.internal.Utils - [Utils] MethodGroupsHelper.sortMethods() took 0 ms.
2025-03-16 15:33:03 [INFO] org.testng.internal.Utils - [Utils] MethodGroupsHelper.collectMethodsByGroup() took 0 ms.
2025-03-16 15:33:03 [INFO] org.testng.internal.Utils - [Utils] MethodGroupsHelper.sortMethods() took 0 ms.
2025-03-16 15:33:03 [INFO] org.testng.internal.Utils - [Utils] MethodGroupsHelper.collectMethodsByGroup() took 0 ms.
2025-03-16 15:33:03 [INFO] org.testng.internal.Utils - [Utils] MethodGroupsHelper.sortMethods() took 0 ms.
2025-03-16 15:33:03 [INFO] org.testng.internal.Utils - [Utils] MethodGroupsHelper.collectMethodsByGroup() took 0 ms.
2025-03-16 15:33:03 [INFO] org.testng.internal.Utils - [Utils] MethodGroupsHelper.sortMethods() took 0 ms.
2025-03-16 15:33:03 [INFO] org.testng.internal.Utils - [Utils] MethodGroupsHelper.collectMethodsByGroup() took 3 ms.
2025-03-16 15:33:03 [INFO] org.testng.internal.Utils - [Utils] MethodGroupsHelper.sortMethods() took 1 ms.
2025-03-16 15:33:03 [INFO] org.testng.internal.Utils - [Utils] MethodGroupsHelper.collectMethodsByGroup() took 0 ms.
2025-03-16 15:33:03 [INFO] org.testng.internal.Utils - [Utils] MethodGroupsHelper.sortMethods() took 0 ms.
2025-03-16 15:33:03 [INFO] org.testng.internal.Utils - [Utils] MethodGroupsHelper.collectMethodsByGroup() took 0 ms.
2025-03-16 15:33:03 [INFO] org.testng.internal.Utils - [Utils] MethodGroupsHelper.sortMethods() took 0 ms.
2025-03-16 15:33:03 [INFO] org.testng.internal.Utils - [TestNG] Running:
  C:\Users\LENOVO\AppData\Local\Temp\testng-eclipse--110199253\testng-customsuite.xml

2025-03-16 15:33:03 [INFO] org.testng.internal.Utils - [Utils] DynamicGraphHelper.createDynamicGraph() took 5 ms.
2025-03-16 15:33:07 [INFO] org.testng.internal.Utils - [TestNG] Time taken by org.testng.internal.ExitCodeListener@712cd5d3: 0 ms
2025-03-16 15:33:07 [INFO] org.testng.internal.Utils - [TestNG] Time taken by org.testng.reporters.SuiteHTMLReporter@2fdf22f7: 48 ms
2025-03-16 15:33:07 [INFO] org.testng.internal.Utils - [TestNG] Time taken by org.testng.reporters.jq.Main@197ce367: 281 ms
2025-03-16 15:33:07 [INFO] org.testng.internal.Utils - [TestNG] Time taken by org.testng.reporters.FailedReporter@383cdd4d: 0 ms
2025-03-16 15:33:07 [INFO] org.testng.internal.Utils - [TestNG] Time taken by org.testng.reporters.XMLReporter@100bba26: 102 ms
2025-03-16 15:33:07 [INFO] org.testng.internal.Utils - [TestNG] Time taken by org.testng.reporters.EmailableReporter2@2dac2e1b: 8 ms
2025-03-16 15:33:07 [INFO] org.testng.internal.Utils - [TestNG] Time taken by org.testng.reporters.JUnitReportReporter@50f4b83d: 16 ms
2025-03-16 15:34:43 [INFO] org.testng.internal.Utils - [Utils] MethodGroupsHelper.collectMethodsByGroup() took 0 ms.
2025-03-16 15:34:43 [INFO] org.testng.internal.Utils - [Utils] MethodGroupsHelper.sortMethods() took 2 ms.
2025-03-16 15:34:43 [INFO] org.testng.internal.Utils - [Utils] MethodGroupsHelper.collectMethodsByGroup() took 0 ms.
2025-03-16 15:34:43 [INFO] org.testng.internal.Utils - [Utils] MethodGroupsHelper.sortMethods() took 0 ms.
2025-03-16 15:34:43 [INFO] org.testng.internal.Utils - [Utils] MethodGroupsHelper.collectMethodsByGroup() took 0 ms.
2025-03-16 15:34:43 [INFO] org.testng.internal.Utils - [Utils] MethodGroupsHelper.sortMethods() took 0 ms.
2025-03-16 15:34:43 [INFO] org.testng.internal.Utils - [Utils] MethodGroupsHelper.collectMethodsByGroup() took 0 ms.
2025-03-16 15:34:43 [INFO] org.testng.internal.Utils - [Utils] MethodGroupsHelper.sortMethods() took 0 ms.
2025-03-16 15:34:43 [INFO] org.testng.internal.Utils - [Utils] MethodGroupsHelper.collectMethodsByGroup() took 7 ms.
2025-03-16 15:34:43 [INFO] org.testng.internal.Utils - [Utils] MethodGroupsHelper.sortMethods() took 29 ms.
2025-03-16 15:34:43 [INFO] org.testng.internal.Utils - [Utils] MethodGroupsHelper.collectMethodsByGroup() took 0 ms.
2025-03-16 15:34:43 [INFO] org.testng.internal.Utils - [Utils] MethodGroupsHelper.sortMethods() took 0 ms.
2025-03-16 15:34:43 [INFO] org.testng.internal.Utils - [Utils] MethodGroupsHelper.collectMethodsByGroup() took 0 ms.
2025-03-16 15:34:43 [INFO] org.testng.internal.Utils - [Utils] MethodGroupsHelper.sortMethods() took 0 ms.
2025-03-16 15:34:43 [INFO] org.testng.internal.Utils - [Utils] MethodGroupsHelper.collectMethodsByGroup() took 0 ms.
2025-03-16 15:34:43 [INFO] org.testng.internal.Utils - [Utils] MethodGroupsHelper.sortMethods() took 0 ms.
2025-03-16 15:34:43 [INFO] org.testng.internal.Utils - [Utils] MethodGroupsHelper.collectMethodsByGroup() took 0 ms.
2025-03-16 15:34:43 [INFO] org.testng.internal.Utils - [Utils] MethodGroupsHelper.sortMethods() took 0 ms.
2025-03-16 15:34:43 [INFO] org.testng.internal.Utils - [Utils] MethodGroupsHelper.collectMethodsByGroup() took 0 ms.
2025-03-16 15:34:43 [INFO] org.testng.internal.Utils - [Utils] MethodGroupsHelper.sortMethods() took 0 ms.
2025-03-16 15:34:43 [INFO] org.testng.internal.Utils - [Utils] MethodGroupsHelper.collectMethodsByGroup() took 0 ms.
2025-03-16 15:34:43 [INFO] org.testng.internal.Utils - [Utils] MethodGroupsHelper.sortMethods() took 0 ms.
2025-03-16 15:34:43 [INFO] org.testng.internal.Utils - [Utils] MethodGroupsHelper.collectMethodsByGroup() took 0 ms.
2025-03-16 15:34:43 [INFO] org.testng.internal.Utils - [Utils] MethodGroupsHelper.sortMethods() took 0 ms.
2025-03-16 15:34:43 [INFO] org.testng.internal.Utils - [Utils] MethodGroupsHelper.collectMethodsByGroup() took 3 ms.
2025-03-16 15:34:43 [INFO] org.testng.internal.Utils - [Utils] MethodGroupsHelper.sortMethods() took 0 ms.
2025-03-16 15:34:43 [INFO] org.testng.internal.Utils - [Utils] MethodGroupsHelper.collectMethodsByGroup() took 0 ms.
2025-03-16 15:34:43 [INFO] org.testng.internal.Utils - [Utils] MethodGroupsHelper.sortMethods() took 0 ms.
2025-03-16 15:34:43 [INFO] org.testng.internal.Utils - [Utils] MethodGroupsHelper.collectMethodsByGroup() took 0 ms.
2025-03-16 15:34:43 [INFO] org.testng.internal.Utils - [Utils] MethodGroupsHelper.sortMethods() took 0 ms.
2025-03-16 15:34:43 [INFO] org.testng.internal.Utils - [TestNG] Running:
  C:\Users\LENOVO\AppData\Local\Temp\testng-eclipse--1047493546\testng-customsuite.xml

2025-03-16 15:34:43 [INFO] org.testng.internal.Utils - [Utils] DynamicGraphHelper.createDynamicGraph() took 13 ms.
2025-03-16 15:34:48 [INFO] org.testng.internal.Utils - [TestNG] Time taken by org.testng.internal.ExitCodeListener@10745a02: 0 ms
2025-03-16 15:34:48 [INFO] org.testng.internal.Utils - [TestNG] Time taken by org.testng.reporters.SuiteHTMLReporter@3355168: 106 ms
2025-03-16 15:34:48 [INFO] org.testng.internal.Utils - [TestNG] Time taken by org.testng.reporters.jq.Main@6728370a: 241 ms
2025-03-16 15:34:48 [INFO] org.testng.internal.Utils - [TestNG] Time taken by org.testng.reporters.FailedReporter@2b5f8e61: 13 ms
2025-03-16 15:34:48 [INFO] org.testng.internal.Utils - [TestNG] Time taken by org.testng.reporters.XMLReporter@6068ebb2: 9 ms
2025-03-16 15:34:48 [INFO] org.testng.internal.Utils - [TestNG] Time taken by org.testng.reporters.EmailableReporter2@224e6e88: 13 ms
2025-03-16 15:34:48 [INFO] org.testng.internal.Utils - [TestNG] Time taken by org.testng.reporters.JUnitReportReporter@6115846e: 7 ms
2025-03-17 02:56:03 [INFO] org.testng.internal.Utils - [Utils] MethodGroupsHelper.collectMethodsByGroup() took 0 ms.
2025-03-17 02:56:03 [INFO] org.testng.internal.Utils - [Utils] MethodGroupsHelper.sortMethods() took 7 ms.
2025-03-17 02:56:03 [INFO] org.testng.internal.Utils - [Utils] MethodGroupsHelper.collectMethodsByGroup() took 0 ms.
2025-03-17 02:56:03 [INFO] org.testng.internal.Utils - [Utils] MethodGroupsHelper.sortMethods() took 0 ms.
2025-03-17 02:56:03 [INFO] org.testng.internal.Utils - [Utils] MethodGroupsHelper.collectMethodsByGroup() took 0 ms.
2025-03-17 02:56:03 [INFO] org.testng.internal.Utils - [Utils] MethodGroupsHelper.sortMethods() took 0 ms.
2025-03-17 02:56:03 [INFO] org.testng.internal.Utils - [Utils] MethodGroupsHelper.collectMethodsByGroup() took 0 ms.
2025-03-17 02:56:03 [INFO] org.testng.internal.Utils - [Utils] MethodGroupsHelper.sortMethods() took 0 ms.
2025-03-17 02:56:03 [INFO] org.testng.internal.Utils - [Utils] MethodGroupsHelper.collectMethodsByGroup() took 10 ms.
2025-03-17 02:56:03 [INFO] org.testng.internal.Utils - [Utils] MethodGroupsHelper.sortMethods() took 31 ms.
2025-03-17 02:56:03 [INFO] org.testng.internal.Utils - [Utils] MethodGroupsHelper.collectMethodsByGroup() took 0 ms.
2025-03-17 02:56:03 [INFO] org.testng.internal.Utils - [Utils] MethodGroupsHelper.sortMethods() took 0 ms.
2025-03-17 02:56:03 [INFO] org.testng.internal.Utils - [Utils] MethodGroupsHelper.collectMethodsByGroup() took 0 ms.
2025-03-17 02:56:03 [INFO] org.testng.internal.Utils - [Utils] MethodGroupsHelper.sortMethods() took 0 ms.
2025-03-17 02:56:03 [INFO] org.testng.internal.Utils - [Utils] MethodGroupsHelper.collectMethodsByGroup() took 0 ms.
2025-03-17 02:56:03 [INFO] org.testng.internal.Utils - [Utils] MethodGroupsHelper.sortMethods() took 0 ms.
2025-03-17 02:56:03 [INFO] org.testng.internal.Utils - [Utils] MethodGroupsHelper.collectMethodsByGroup() took 0 ms.
2025-03-17 02:56:03 [INFO] org.testng.internal.Utils - [Utils] MethodGroupsHelper.sortMethods() took 0 ms.
2025-03-17 02:56:03 [INFO] org.testng.internal.Utils - [Utils] MethodGroupsHelper.collectMethodsByGroup() took 0 ms.
2025-03-17 02:56:03 [INFO] org.testng.internal.Utils - [Utils] MethodGroupsHelper.sortMethods() took 0 ms.
2025-03-17 02:56:03 [INFO] org.testng.internal.Utils - [Utils] MethodGroupsHelper.collectMethodsByGroup() took 0 ms.
2025-03-17 02:56:03 [INFO] org.testng.internal.Utils - [Utils] MethodGroupsHelper.sortMethods() took 0 ms.
2025-03-17 02:56:03 [INFO] org.testng.internal.Utils - [Utils] MethodGroupsHelper.collectMethodsByGroup() took 0 ms.
2025-03-17 02:56:03 [INFO] org.testng.internal.Utils - [Utils] MethodGroupsHelper.sortMethods() took 0 ms.
2025-03-17 02:56:03 [INFO] org.testng.internal.Utils - [Utils] MethodGroupsHelper.collectMethodsByGroup() took 1 ms.
2025-03-17 02:56:03 [INFO] org.testng.internal.Utils - [Utils] MethodGroupsHelper.sortMethods() took 0 ms.
2025-03-17 02:56:03 [INFO] org.testng.internal.Utils - [Utils] MethodGroupsHelper.collectMethodsByGroup() took 0 ms.
2025-03-17 02:56:03 [INFO] org.testng.internal.Utils - [Utils] MethodGroupsHelper.sortMethods() took 0 ms.
2025-03-17 02:56:03 [INFO] org.testng.internal.Utils - [Utils] MethodGroupsHelper.collectMethodsByGroup() took 0 ms.
2025-03-17 02:56:03 [INFO] org.testng.internal.Utils - [Utils] MethodGroupsHelper.sortMethods() took 0 ms.
2025-03-17 02:56:03 [INFO] org.testng.internal.Utils - [TestNG] Running:
  C:\Users\LENOVO\AppData\Local\Temp\testng-eclipse-479317467\testng-customsuite.xml

2025-03-17 02:56:03 [INFO] org.testng.internal.Utils - [Utils] DynamicGraphHelper.createDynamicGraph() took 4 ms.
2025-03-17 02:56:08 [INFO] org.testng.internal.Utils - [TestNG] Time taken by org.testng.internal.ExitCodeListener@68f776ee: 0 ms
2025-03-17 02:56:08 [INFO] org.testng.internal.Utils - [TestNG] Time taken by org.testng.reporters.SuiteHTMLReporter@29d2fa84: 48 ms
2025-03-17 02:56:08 [INFO] org.testng.internal.Utils - [TestNG] Time taken by org.testng.reporters.jq.Main@73b0ed03: 558 ms
2025-03-17 02:56:08 [INFO] org.testng.internal.Utils - [TestNG] Time taken by org.testng.reporters.FailedReporter@55061418: 1 ms
2025-03-17 02:56:08 [INFO] org.testng.internal.Utils - [TestNG] Time taken by org.testng.reporters.XMLReporter@6e981e78: 13 ms
2025-03-17 02:56:08 [INFO] org.testng.internal.Utils - [TestNG] Time taken by org.testng.reporters.EmailableReporter2@15e5246: 37 ms
2025-03-17 02:56:08 [INFO] org.testng.internal.Utils - [TestNG] Time taken by org.testng.reporters.JUnitReportReporter@14590fe2: 6 ms
2025-03-17 02:58:56 [INFO] org.testng.internal.Utils - [Utils] MethodGroupsHelper.collectMethodsByGroup() took 0 ms.
2025-03-17 02:58:56 [INFO] org.testng.internal.Utils - [Utils] MethodGroupsHelper.sortMethods() took 2 ms.
2025-03-17 02:58:56 [INFO] org.testng.internal.Utils - [Utils] MethodGroupsHelper.collectMethodsByGroup() took 0 ms.
2025-03-17 02:58:56 [INFO] org.testng.internal.Utils - [Utils] MethodGroupsHelper.sortMethods() took 0 ms.
2025-03-17 02:58:56 [INFO] org.testng.internal.Utils - [Utils] MethodGroupsHelper.collectMethodsByGroup() took 0 ms.
2025-03-17 02:58:56 [INFO] org.testng.internal.Utils - [Utils] MethodGroupsHelper.sortMethods() took 0 ms.
2025-03-17 02:58:56 [INFO] org.testng.internal.Utils - [Utils] MethodGroupsHelper.collectMethodsByGroup() took 0 ms.
2025-03-17 02:58:56 [INFO] org.testng.internal.Utils - [Utils] MethodGroupsHelper.sortMethods() took 0 ms.
2025-03-17 02:58:56 [INFO] org.testng.internal.Utils - [Utils] MethodGroupsHelper.collectMethodsByGroup() took 5 ms.
2025-03-17 02:58:56 [INFO] org.testng.internal.Utils - [Utils] MethodGroupsHelper.sortMethods() took 25 ms.
2025-03-17 02:58:56 [INFO] org.testng.internal.Utils - [Utils] MethodGroupsHelper.collectMethodsByGroup() took 0 ms.
2025-03-17 02:58:56 [INFO] org.testng.internal.Utils - [Utils] MethodGroupsHelper.sortMethods() took 0 ms.
2025-03-17 02:58:56 [INFO] org.testng.internal.Utils - [Utils] MethodGroupsHelper.collectMethodsByGroup() took 0 ms.
2025-03-17 02:58:56 [INFO] org.testng.internal.Utils - [Utils] MethodGroupsHelper.sortMethods() took 0 ms.
2025-03-17 02:58:56 [INFO] org.testng.internal.Utils - [Utils] MethodGroupsHelper.collectMethodsByGroup() took 0 ms.
2025-03-17 02:58:56 [INFO] org.testng.internal.Utils - [Utils] MethodGroupsHelper.sortMethods() took 0 ms.
2025-03-17 02:58:56 [INFO] org.testng.internal.Utils - [Utils] MethodGroupsHelper.collectMethodsByGroup() took 0 ms.
2025-03-17 02:58:56 [INFO] org.testng.internal.Utils - [Utils] MethodGroupsHelper.sortMethods() took 0 ms.
2025-03-17 02:58:56 [INFO] org.testng.internal.Utils - [Utils] MethodGroupsHelper.collectMethodsByGroup() took 0 ms.
2025-03-17 02:58:56 [INFO] org.testng.internal.Utils - [Utils] MethodGroupsHelper.sortMethods() took 0 ms.
2025-03-17 02:58:56 [INFO] org.testng.internal.Utils - [Utils] MethodGroupsHelper.collectMethodsByGroup() took 0 ms.
2025-03-17 02:58:56 [INFO] org.testng.internal.Utils - [Utils] MethodGroupsHelper.sortMethods() took 0 ms.
2025-03-17 02:58:56 [INFO] org.testng.internal.Utils - [Utils] MethodGroupsHelper.collectMethodsByGroup() took 0 ms.
2025-03-17 02:58:56 [INFO] org.testng.internal.Utils - [Utils] MethodGroupsHelper.sortMethods() took 0 ms.
2025-03-17 02:58:56 [INFO] org.testng.internal.Utils - [Utils] MethodGroupsHelper.collectMethodsByGroup() took 0 ms.
2025-03-17 02:58:56 [INFO] org.testng.internal.Utils - [Utils] MethodGroupsHelper.sortMethods() took 0 ms.
2025-03-17 02:58:56 [INFO] org.testng.internal.Utils - [Utils] MethodGroupsHelper.collectMethodsByGroup() took 0 ms.
2025-03-17 02:58:56 [INFO] org.testng.internal.Utils - [Utils] MethodGroupsHelper.sortMethods() took 0 ms.
2025-03-17 02:58:56 [INFO] org.testng.internal.Utils - [Utils] MethodGroupsHelper.collectMethodsByGroup() took 0 ms.
2025-03-17 02:58:56 [INFO] org.testng.internal.Utils - [Utils] MethodGroupsHelper.sortMethods() took 0 ms.
2025-03-17 02:58:56 [INFO] org.testng.internal.Utils - [TestNG] Running:
  C:\Users\LENOVO\AppData\Local\Temp\testng-eclipse-872944595\testng-customsuite.xml

2025-03-17 02:58:56 [INFO] org.testng.internal.Utils - [Utils] DynamicGraphHelper.createDynamicGraph() took 6 ms.
2025-03-17 02:59:00 [INFO] org.testng.internal.Utils - [TestNG] Time taken by org.testng.internal.ExitCodeListener@55c1ced9: 0 ms
2025-03-17 02:59:00 [INFO] org.testng.internal.Utils - [TestNG] Time taken by org.testng.reporters.SuiteHTMLReporter@35e74e08: 57 ms
2025-03-17 02:59:00 [INFO] org.testng.internal.Utils - [TestNG] Time taken by org.testng.reporters.jq.Main@b8a144e: 249 ms
2025-03-17 02:59:00 [INFO] org.testng.internal.Utils - [TestNG] Time taken by org.testng.reporters.FailedReporter@5fb8dc01: 0 ms
2025-03-17 02:59:00 [INFO] org.testng.internal.Utils - [TestNG] Time taken by org.testng.reporters.XMLReporter@3751acd7: 8 ms
2025-03-17 02:59:00 [INFO] org.testng.internal.Utils - [TestNG] Time taken by org.testng.reporters.EmailableReporter2@57b9389f: 7 ms
2025-03-17 02:59:00 [INFO] org.testng.internal.Utils - [TestNG] Time taken by org.testng.reporters.JUnitReportReporter@56b1e527: 10 ms
2025-03-17 03:06:44 [INFO] org.testng.internal.Utils - [Utils] MethodGroupsHelper.collectMethodsByGroup() took 0 ms.
2025-03-17 03:06:44 [INFO] org.testng.internal.Utils - [Utils] MethodGroupsHelper.sortMethods() took 1 ms.
2025-03-17 03:06:44 [INFO] org.testng.internal.Utils - [Utils] MethodGroupsHelper.collectMethodsByGroup() took 0 ms.
2025-03-17 03:06:44 [INFO] org.testng.internal.Utils - [Utils] MethodGroupsHelper.sortMethods() took 0 ms.
2025-03-17 03:06:44 [INFO] org.testng.internal.Utils - [Utils] MethodGroupsHelper.collectMethodsByGroup() took 0 ms.
2025-03-17 03:06:44 [INFO] org.testng.internal.Utils - [Utils] MethodGroupsHelper.sortMethods() took 0 ms.
2025-03-17 03:06:44 [INFO] org.testng.internal.Utils - [Utils] MethodGroupsHelper.collectMethodsByGroup() took 0 ms.
2025-03-17 03:06:44 [INFO] org.testng.internal.Utils - [Utils] MethodGroupsHelper.sortMethods() took 0 ms.
2025-03-17 03:06:44 [INFO] org.testng.internal.Utils - [Utils] MethodGroupsHelper.collectMethodsByGroup() took 0 ms.
2025-03-17 03:06:44 [INFO] org.testng.internal.Utils - [Utils] MethodGroupsHelper.sortMethods() took 0 ms.
2025-03-17 03:06:44 [INFO] org.testng.internal.Utils - [Utils] MethodGroupsHelper.collectMethodsByGroup() took 0 ms.
2025-03-17 03:06:44 [INFO] org.testng.internal.Utils - [Utils] MethodGroupsHelper.sortMethods() took 0 ms.
2025-03-17 03:06:44 [INFO] org.testng.internal.Utils - [Utils] MethodGroupsHelper.collectMethodsByGroup() took 0 ms.
2025-03-17 03:06:44 [INFO] org.testng.internal.Utils - [Utils] MethodGroupsHelper.sortMethods() took 0 ms.
2025-03-17 03:06:44 [INFO] org.testng.internal.Utils - [Utils] MethodGroupsHelper.collectMethodsByGroup() took 0 ms.
2025-03-17 03:06:44 [INFO] org.testng.internal.Utils - [Utils] MethodGroupsHelper.sortMethods() took 0 ms.
2025-03-17 03:06:44 [INFO] org.testng.internal.Utils - [Utils] MethodGroupsHelper.collectMethodsByGroup() took 0 ms.
2025-03-17 03:06:44 [INFO] org.testng.internal.Utils - [Utils] MethodGroupsHelper.sortMethods() took 0 ms.
2025-03-17 03:06:44 [INFO] org.testng.internal.Utils - [Utils] MethodGroupsHelper.collectMethodsByGroup() took 0 ms.
2025-03-17 03:06:44 [INFO] org.testng.internal.Utils - [Utils] MethodGroupsHelper.sortMethods() took 0 ms.
2025-03-17 03:06:44 [INFO] org.testng.internal.Utils - [Utils] MethodGroupsHelper.collectMethodsByGroup() took 0 ms.
2025-03-17 03:06:44 [INFO] org.testng.internal.Utils - [Utils] MethodGroupsHelper.sortMethods() took 0 ms.
2025-03-17 03:06:44 [INFO] org.testng.internal.Utils - [Utils] MethodGroupsHelper.collectMethodsByGroup() took 0 ms.
2025-03-17 03:06:44 [INFO] org.testng.internal.Utils - [Utils] MethodGroupsHelper.sortMethods() took 0 ms.
2025-03-17 03:06:44 [INFO] org.testng.internal.Utils - [Utils] MethodGroupsHelper.collectMethodsByGroup() took 14 ms.
2025-03-17 03:06:44 [INFO] org.testng.internal.Utils - [Utils] MethodGroupsHelper.sortMethods() took 7 ms.
2025-03-17 03:06:44 [INFO] org.testng.internal.Utils - [Utils] MethodGroupsHelper.collectMethodsByGroup() took 0 ms.
2025-03-17 03:06:44 [INFO] org.testng.internal.Utils - [Utils] MethodGroupsHelper.sortMethods() took 0 ms.
2025-03-17 03:06:44 [INFO] org.testng.internal.Utils - [Utils] MethodGroupsHelper.collectMethodsByGroup() took 0 ms.
2025-03-17 03:06:44 [INFO] org.testng.internal.Utils - [Utils] MethodGroupsHelper.sortMethods() took 0 ms.
2025-03-17 03:06:44 [INFO] org.testng.internal.Utils - [TestNG] Running:
  C:\Users\LENOVO\AppData\Local\Temp\testng-eclipse--2000449968\testng-customsuite.xml

2025-03-17 03:06:44 [INFO] org.testng.internal.Utils - [Utils] DynamicGraphHelper.createDynamicGraph() took 6 ms.
2025-03-17 03:06:48 [INFO] org.testng.internal.Utils - [TestNG] Time taken by org.testng.internal.ExitCodeListener@4f5c30b1: 0 ms
2025-03-17 03:06:48 [INFO] org.testng.internal.Utils - [TestNG] Time taken by org.testng.reporters.SuiteHTMLReporter@7ab63838: 343 ms
2025-03-17 03:06:48 [INFO] org.testng.internal.Utils - [TestNG] Time taken by org.testng.reporters.jq.Main@6d6039df: 95 ms
2025-03-17 03:06:48 [INFO] org.testng.internal.Utils - [TestNG] Time taken by org.testng.reporters.FailedReporter@611c3eae: 1 ms
2025-03-17 03:06:48 [INFO] org.testng.internal.Utils - [TestNG] Time taken by org.testng.reporters.XMLReporter@72b2c5ed: 11 ms
2025-03-17 03:06:48 [INFO] org.testng.internal.Utils - [TestNG] Time taken by org.testng.reporters.EmailableReporter2@1201769d: 12 ms
2025-03-17 03:06:48 [INFO] org.testng.internal.Utils - [TestNG] Time taken by org.testng.reporters.JUnitReportReporter@504497fa: 5 ms
2025-03-17 03:10:10 [INFO] org.testng.internal.Utils - [Utils] MethodGroupsHelper.collectMethodsByGroup() took 0 ms.
2025-03-17 03:10:10 [INFO] org.testng.internal.Utils - [Utils] MethodGroupsHelper.sortMethods() took 2 ms.
2025-03-17 03:10:10 [INFO] org.testng.internal.Utils - [Utils] MethodGroupsHelper.collectMethodsByGroup() took 0 ms.
2025-03-17 03:10:10 [INFO] org.testng.internal.Utils - [Utils] MethodGroupsHelper.sortMethods() took 0 ms.
2025-03-17 03:10:10 [INFO] org.testng.internal.Utils - [Utils] MethodGroupsHelper.collectMethodsByGroup() took 0 ms.
2025-03-17 03:10:10 [INFO] org.testng.internal.Utils - [Utils] MethodGroupsHelper.sortMethods() took 0 ms.
2025-03-17 03:10:10 [INFO] org.testng.internal.Utils - [Utils] MethodGroupsHelper.collectMethodsByGroup() took 0 ms.
2025-03-17 03:10:10 [INFO] org.testng.internal.Utils - [Utils] MethodGroupsHelper.sortMethods() took 0 ms.
2025-03-17 03:10:10 [INFO] org.testng.internal.Utils - [Utils] MethodGroupsHelper.collectMethodsByGroup() took 0 ms.
2025-03-17 03:10:10 [INFO] org.testng.internal.Utils - [Utils] MethodGroupsHelper.sortMethods() took 0 ms.
2025-03-17 03:10:10 [INFO] org.testng.internal.Utils - [Utils] MethodGroupsHelper.collectMethodsByGroup() took 0 ms.
2025-03-17 03:10:10 [INFO] org.testng.internal.Utils - [Utils] MethodGroupsHelper.sortMethods() took 0 ms.
2025-03-17 03:10:10 [INFO] org.testng.internal.Utils - [Utils] MethodGroupsHelper.collectMethodsByGroup() took 0 ms.
2025-03-17 03:10:10 [INFO] org.testng.internal.Utils - [Utils] MethodGroupsHelper.sortMethods() took 0 ms.
2025-03-17 03:10:10 [INFO] org.testng.internal.Utils - [Utils] MethodGroupsHelper.collectMethodsByGroup() took 0 ms.
2025-03-17 03:10:10 [INFO] org.testng.internal.Utils - [Utils] MethodGroupsHelper.sortMethods() took 0 ms.
2025-03-17 03:10:10 [INFO] org.testng.internal.Utils - [Utils] MethodGroupsHelper.collectMethodsByGroup() took 0 ms.
2025-03-17 03:10:10 [INFO] org.testng.internal.Utils - [Utils] MethodGroupsHelper.sortMethods() took 0 ms.
2025-03-17 03:10:10 [INFO] org.testng.internal.Utils - [Utils] MethodGroupsHelper.collectMethodsByGroup() took 0 ms.
2025-03-17 03:10:10 [INFO] org.testng.internal.Utils - [Utils] MethodGroupsHelper.sortMethods() took 0 ms.
2025-03-17 03:10:10 [INFO] org.testng.internal.Utils - [Utils] MethodGroupsHelper.collectMethodsByGroup() took 0 ms.
2025-03-17 03:10:10 [INFO] org.testng.internal.Utils - [Utils] MethodGroupsHelper.sortMethods() took 0 ms.
2025-03-17 03:10:10 [INFO] org.testng.internal.Utils - [Utils] MethodGroupsHelper.collectMethodsByGroup() took 0 ms.
2025-03-17 03:10:10 [INFO] org.testng.internal.Utils - [Utils] MethodGroupsHelper.sortMethods() took 0 ms.
2025-03-17 03:10:10 [INFO] org.testng.internal.Utils - [Utils] MethodGroupsHelper.collectMethodsByGroup() took 30 ms.
2025-03-17 03:10:10 [INFO] org.testng.internal.Utils - [Utils] MethodGroupsHelper.sortMethods() took 10 ms.
2025-03-17 03:10:10 [INFO] org.testng.internal.Utils - [Utils] MethodGroupsHelper.collectMethodsByGroup() took 0 ms.
2025-03-17 03:10:10 [INFO] org.testng.internal.Utils - [Utils] MethodGroupsHelper.sortMethods() took 0 ms.
2025-03-17 03:10:10 [INFO] org.testng.internal.Utils - [Utils] MethodGroupsHelper.collectMethodsByGroup() took 0 ms.
2025-03-17 03:10:10 [INFO] org.testng.internal.Utils - [Utils] MethodGroupsHelper.sortMethods() took 0 ms.
2025-03-17 03:10:10 [INFO] org.testng.internal.Utils - [TestNG] Running:
  C:\Users\LENOVO\AppData\Local\Temp\testng-eclipse-1457378698\testng-customsuite.xml

2025-03-17 03:10:10 [INFO] org.testng.internal.Utils - [Utils] DynamicGraphHelper.createDynamicGraph() took 14 ms.
2025-03-17 03:10:14 [INFO] org.testng.internal.Utils - [TestNG] Time taken by org.testng.internal.ExitCodeListener@38087342: 0 ms
2025-03-17 03:10:14 [INFO] org.testng.internal.Utils - [TestNG] Time taken by org.testng.reporters.SuiteHTMLReporter@2a5abd3c: 69 ms
2025-03-17 03:10:14 [INFO] org.testng.internal.Utils - [TestNG] Time taken by org.testng.reporters.jq.Main@1ab53860: 170 ms
2025-03-17 03:10:14 [INFO] org.testng.internal.Utils - [TestNG] Time taken by org.testng.reporters.FailedReporter@7b5ac347: 1 ms
2025-03-17 03:10:14 [INFO] org.testng.internal.Utils - [TestNG] Time taken by org.testng.reporters.XMLReporter@68c34db2: 14 ms
2025-03-17 03:10:14 [INFO] org.testng.internal.Utils - [TestNG] Time taken by org.testng.reporters.EmailableReporter2@504497fa: 10 ms
2025-03-17 03:10:14 [INFO] org.testng.internal.Utils - [TestNG] Time taken by org.testng.reporters.JUnitReportReporter@6b5c134e: 9 ms
2025-03-17 03:17:53 [INFO] org.testng.internal.Utils - [Utils] MethodGroupsHelper.collectMethodsByGroup() took 0 ms.
2025-03-17 03:17:53 [INFO] org.testng.internal.Utils - [Utils] MethodGroupsHelper.sortMethods() took 2 ms.
2025-03-17 03:17:53 [INFO] org.testng.internal.Utils - [Utils] MethodGroupsHelper.collectMethodsByGroup() took 0 ms.
2025-03-17 03:17:53 [INFO] org.testng.internal.Utils - [Utils] MethodGroupsHelper.sortMethods() took 0 ms.
2025-03-17 03:17:53 [INFO] org.testng.internal.Utils - [Utils] MethodGroupsHelper.collectMethodsByGroup() took 0 ms.
2025-03-17 03:17:53 [INFO] org.testng.internal.Utils - [Utils] MethodGroupsHelper.sortMethods() took 0 ms.
2025-03-17 03:17:53 [INFO] org.testng.internal.Utils - [Utils] MethodGroupsHelper.collectMethodsByGroup() took 0 ms.
2025-03-17 03:17:53 [INFO] org.testng.internal.Utils - [Utils] MethodGroupsHelper.sortMethods() took 0 ms.
2025-03-17 03:17:53 [INFO] org.testng.internal.Utils - [Utils] MethodGroupsHelper.collectMethodsByGroup() took 0 ms.
2025-03-17 03:17:53 [INFO] org.testng.internal.Utils - [Utils] MethodGroupsHelper.sortMethods() took 0 ms.
2025-03-17 03:17:53 [INFO] org.testng.internal.Utils - [Utils] MethodGroupsHelper.collectMethodsByGroup() took 0 ms.
2025-03-17 03:17:53 [INFO] org.testng.internal.Utils - [Utils] MethodGroupsHelper.sortMethods() took 0 ms.
2025-03-17 03:17:53 [INFO] org.testng.internal.Utils - [Utils] MethodGroupsHelper.collectMethodsByGroup() took 0 ms.
2025-03-17 03:17:53 [INFO] org.testng.internal.Utils - [Utils] MethodGroupsHelper.sortMethods() took 0 ms.
2025-03-17 03:17:53 [INFO] org.testng.internal.Utils - [Utils] MethodGroupsHelper.collectMethodsByGroup() took 0 ms.
2025-03-17 03:17:53 [INFO] org.testng.internal.Utils - [Utils] MethodGroupsHelper.sortMethods() took 0 ms.
2025-03-17 03:17:53 [INFO] org.testng.internal.Utils - [Utils] MethodGroupsHelper.collectMethodsByGroup() took 0 ms.
2025-03-17 03:17:53 [INFO] org.testng.internal.Utils - [Utils] MethodGroupsHelper.sortMethods() took 0 ms.
2025-03-17 03:17:53 [INFO] org.testng.internal.Utils - [Utils] MethodGroupsHelper.collectMethodsByGroup() took 0 ms.
2025-03-17 03:17:53 [INFO] org.testng.internal.Utils - [Utils] MethodGroupsHelper.sortMethods() took 0 ms.
2025-03-17 03:17:53 [INFO] org.testng.internal.Utils - [Utils] MethodGroupsHelper.collectMethodsByGroup() took 0 ms.
2025-03-17 03:17:53 [INFO] org.testng.internal.Utils - [Utils] MethodGroupsHelper.sortMethods() took 0 ms.
2025-03-17 03:17:53 [INFO] org.testng.internal.Utils - [Utils] MethodGroupsHelper.collectMethodsByGroup() took 0 ms.
2025-03-17 03:17:53 [INFO] org.testng.internal.Utils - [Utils] MethodGroupsHelper.sortMethods() took 0 ms.
2025-03-17 03:17:53 [INFO] org.testng.internal.Utils - [Utils] MethodGroupsHelper.collectMethodsByGroup() took 12 ms.
2025-03-17 03:17:53 [INFO] org.testng.internal.Utils - [Utils] MethodGroupsHelper.sortMethods() took 6 ms.
2025-03-17 03:17:53 [INFO] org.testng.internal.Utils - [Utils] MethodGroupsHelper.collectMethodsByGroup() took 0 ms.
2025-03-17 03:17:53 [INFO] org.testng.internal.Utils - [Utils] MethodGroupsHelper.sortMethods() took 0 ms.
2025-03-17 03:17:53 [INFO] org.testng.internal.Utils - [Utils] MethodGroupsHelper.collectMethodsByGroup() took 0 ms.
2025-03-17 03:17:53 [INFO] org.testng.internal.Utils - [Utils] MethodGroupsHelper.sortMethods() took 0 ms.
2025-03-17 03:17:53 [INFO] org.testng.internal.Utils - [TestNG] Running:
  C:\Users\LENOVO\AppData\Local\Temp\testng-eclipse--442868760\testng-customsuite.xml

2025-03-17 03:17:53 [INFO] org.testng.internal.Utils - [Utils] DynamicGraphHelper.createDynamicGraph() took 4 ms.
2025-03-17 03:17:56 [INFO] org.testng.internal.Utils - [TestNG] Time taken by org.testng.internal.ExitCodeListener@49cc9b2a: 0 ms
2025-03-17 03:17:56 [INFO] org.testng.internal.Utils - [TestNG] Time taken by org.testng.reporters.SuiteHTMLReporter@a316f6b: 58 ms
2025-03-17 03:17:57 [INFO] org.testng.internal.Utils - [TestNG] Time taken by org.testng.reporters.jq.Main@759a678a: 238 ms
2025-03-17 03:17:57 [INFO] org.testng.internal.Utils - [TestNG] Time taken by org.testng.reporters.FailedReporter@7b5ac347: 40 ms
2025-03-17 03:17:57 [INFO] org.testng.internal.Utils - [TestNG] Time taken by org.testng.reporters.XMLReporter@664db2ca: 19 ms
2025-03-17 03:17:57 [INFO] org.testng.internal.Utils - [TestNG] Time taken by org.testng.reporters.EmailableReporter2@374c3975: 34 ms
2025-03-17 03:17:57 [INFO] org.testng.internal.Utils - [TestNG] Time taken by org.testng.reporters.JUnitReportReporter@60807fd9: 8 ms
2025-03-17 03:19:05 [INFO] org.testng.internal.Utils - [Utils] MethodGroupsHelper.collectMethodsByGroup() took 0 ms.
2025-03-17 03:19:05 [INFO] org.testng.internal.Utils - [Utils] MethodGroupsHelper.sortMethods() took 1 ms.
2025-03-17 03:19:05 [INFO] org.testng.internal.Utils - [Utils] MethodGroupsHelper.collectMethodsByGroup() took 0 ms.
2025-03-17 03:19:05 [INFO] org.testng.internal.Utils - [Utils] MethodGroupsHelper.sortMethods() took 0 ms.
2025-03-17 03:19:05 [INFO] org.testng.internal.Utils - [Utils] MethodGroupsHelper.collectMethodsByGroup() took 0 ms.
2025-03-17 03:19:05 [INFO] org.testng.internal.Utils - [Utils] MethodGroupsHelper.sortMethods() took 0 ms.
2025-03-17 03:19:05 [INFO] org.testng.internal.Utils - [Utils] MethodGroupsHelper.collectMethodsByGroup() took 0 ms.
2025-03-17 03:19:05 [INFO] org.testng.internal.Utils - [Utils] MethodGroupsHelper.sortMethods() took 0 ms.
2025-03-17 03:19:05 [INFO] org.testng.internal.Utils - [Utils] MethodGroupsHelper.collectMethodsByGroup() took 0 ms.
2025-03-17 03:19:05 [INFO] org.testng.internal.Utils - [Utils] MethodGroupsHelper.sortMethods() took 0 ms.
2025-03-17 03:19:05 [INFO] org.testng.internal.Utils - [Utils] MethodGroupsHelper.collectMethodsByGroup() took 0 ms.
2025-03-17 03:19:05 [INFO] org.testng.internal.Utils - [Utils] MethodGroupsHelper.sortMethods() took 0 ms.
2025-03-17 03:19:05 [INFO] org.testng.internal.Utils - [Utils] MethodGroupsHelper.collectMethodsByGroup() took 0 ms.
2025-03-17 03:19:05 [INFO] org.testng.internal.Utils - [Utils] MethodGroupsHelper.sortMethods() took 0 ms.
2025-03-17 03:19:05 [INFO] org.testng.internal.Utils - [Utils] MethodGroupsHelper.collectMethodsByGroup() took 0 ms.
2025-03-17 03:19:05 [INFO] org.testng.internal.Utils - [Utils] MethodGroupsHelper.sortMethods() took 0 ms.
2025-03-17 03:19:05 [INFO] org.testng.internal.Utils - [Utils] MethodGroupsHelper.collectMethodsByGroup() took 0 ms.
2025-03-17 03:19:05 [INFO] org.testng.internal.Utils - [Utils] MethodGroupsHelper.sortMethods() took 0 ms.
2025-03-17 03:19:05 [INFO] org.testng.internal.Utils - [Utils] MethodGroupsHelper.collectMethodsByGroup() took 0 ms.
2025-03-17 03:19:05 [INFO] org.testng.internal.Utils - [Utils] MethodGroupsHelper.sortMethods() took 0 ms.
2025-03-17 03:19:05 [INFO] org.testng.internal.Utils - [Utils] MethodGroupsHelper.collectMethodsByGroup() took 0 ms.
2025-03-17 03:19:05 [INFO] org.testng.internal.Utils - [Utils] MethodGroupsHelper.sortMethods() took 0 ms.
2025-03-17 03:19:05 [INFO] org.testng.internal.Utils - [Utils] MethodGroupsHelper.collectMethodsByGroup() took 0 ms.
2025-03-17 03:19:05 [INFO] org.testng.internal.Utils - [Utils] MethodGroupsHelper.sortMethods() took 0 ms.
2025-03-17 03:19:05 [INFO] org.testng.internal.Utils - [Utils] MethodGroupsHelper.collectMethodsByGroup() took 4 ms.
2025-03-17 03:19:05 [INFO] org.testng.internal.Utils - [Utils] MethodGroupsHelper.sortMethods() took 9 ms.
2025-03-17 03:19:05 [INFO] org.testng.internal.Utils - [Utils] MethodGroupsHelper.collectMethodsByGroup() took 0 ms.
2025-03-17 03:19:05 [INFO] org.testng.internal.Utils - [Utils] MethodGroupsHelper.sortMethods() took 0 ms.
2025-03-17 03:19:05 [INFO] org.testng.internal.Utils - [Utils] MethodGroupsHelper.collectMethodsByGroup() took 0 ms.
2025-03-17 03:19:05 [INFO] org.testng.internal.Utils - [Utils] MethodGroupsHelper.sortMethods() took 0 ms.
2025-03-17 03:19:05 [INFO] org.testng.internal.Utils - [TestNG] Running:
  C:\Users\LENOVO\AppData\Local\Temp\testng-eclipse-220361723\testng-customsuite.xml

2025-03-17 03:19:06 [INFO] org.testng.internal.Utils - [Utils] DynamicGraphHelper.createDynamicGraph() took 4 ms.
2025-03-17 03:19:10 [INFO] org.testng.internal.Utils - [TestNG] Time taken by org.testng.internal.ExitCodeListener@d84b3a2: 0 ms
2025-03-17 03:19:10 [INFO] org.testng.internal.Utils - [TestNG] Time taken by org.testng.reporters.SuiteHTMLReporter@7d47dfed: 34 ms
2025-03-17 03:19:10 [INFO] org.testng.internal.Utils - [TestNG] Time taken by org.testng.reporters.jq.Main@1ccc1026: 161 ms
2025-03-17 03:19:10 [INFO] org.testng.internal.Utils - [TestNG] Time taken by org.testng.reporters.FailedReporter@4044589a: 3 ms
2025-03-17 03:19:10 [INFO] org.testng.internal.Utils - [TestNG] Time taken by org.testng.reporters.XMLReporter@541d4d9f: 12 ms
2025-03-17 03:19:10 [INFO] org.testng.internal.Utils - [TestNG] Time taken by org.testng.reporters.EmailableReporter2@203b953c: 9 ms
2025-03-17 03:19:10 [INFO] org.testng.internal.Utils - [TestNG] Time taken by org.testng.reporters.JUnitReportReporter@51fe7f15: 8 ms
2025-03-17 03:25:26 [INFO] org.testng.internal.Utils - [Utils] MethodGroupsHelper.collectMethodsByGroup() took 0 ms.
2025-03-17 03:25:26 [INFO] org.testng.internal.Utils - [Utils] MethodGroupsHelper.sortMethods() took 2 ms.
2025-03-17 03:25:26 [INFO] org.testng.internal.Utils - [Utils] MethodGroupsHelper.collectMethodsByGroup() took 0 ms.
2025-03-17 03:25:26 [INFO] org.testng.internal.Utils - [Utils] MethodGroupsHelper.sortMethods() took 0 ms.
2025-03-17 03:25:26 [INFO] org.testng.internal.Utils - [Utils] MethodGroupsHelper.collectMethodsByGroup() took 0 ms.
2025-03-17 03:25:26 [INFO] org.testng.internal.Utils - [Utils] MethodGroupsHelper.sortMethods() took 0 ms.
2025-03-17 03:25:26 [INFO] org.testng.internal.Utils - [Utils] MethodGroupsHelper.collectMethodsByGroup() took 0 ms.
2025-03-17 03:25:26 [INFO] org.testng.internal.Utils - [Utils] MethodGroupsHelper.sortMethods() took 0 ms.
2025-03-17 03:25:26 [INFO] org.testng.internal.Utils - [Utils] MethodGroupsHelper.collectMethodsByGroup() took 0 ms.
2025-03-17 03:25:26 [INFO] org.testng.internal.Utils - [Utils] MethodGroupsHelper.sortMethods() took 0 ms.
2025-03-17 03:25:26 [INFO] org.testng.internal.Utils - [Utils] MethodGroupsHelper.collectMethodsByGroup() took 0 ms.
2025-03-17 03:25:26 [INFO] org.testng.internal.Utils - [Utils] MethodGroupsHelper.sortMethods() took 0 ms.
2025-03-17 03:25:26 [INFO] org.testng.internal.Utils - [Utils] MethodGroupsHelper.collectMethodsByGroup() took 0 ms.
2025-03-17 03:25:26 [INFO] org.testng.internal.Utils - [Utils] MethodGroupsHelper.sortMethods() took 0 ms.
2025-03-17 03:25:26 [INFO] org.testng.internal.Utils - [Utils] MethodGroupsHelper.collectMethodsByGroup() took 0 ms.
2025-03-17 03:25:26 [INFO] org.testng.internal.Utils - [Utils] MethodGroupsHelper.sortMethods() took 0 ms.
2025-03-17 03:25:26 [INFO] org.testng.internal.Utils - [Utils] MethodGroupsHelper.collectMethodsByGroup() took 0 ms.
2025-03-17 03:25:26 [INFO] org.testng.internal.Utils - [Utils] MethodGroupsHelper.sortMethods() took 0 ms.
2025-03-17 03:25:26 [INFO] org.testng.internal.Utils - [Utils] MethodGroupsHelper.collectMethodsByGroup() took 0 ms.
2025-03-17 03:25:26 [INFO] org.testng.internal.Utils - [Utils] MethodGroupsHelper.sortMethods() took 0 ms.
2025-03-17 03:25:26 [INFO] org.testng.internal.Utils - [Utils] MethodGroupsHelper.collectMethodsByGroup() took 0 ms.
2025-03-17 03:25:26 [INFO] org.testng.internal.Utils - [Utils] MethodGroupsHelper.sortMethods() took 0 ms.
2025-03-17 03:25:26 [INFO] org.testng.internal.Utils - [Utils] MethodGroupsHelper.collectMethodsByGroup() took 0 ms.
2025-03-17 03:25:26 [INFO] org.testng.internal.Utils - [Utils] MethodGroupsHelper.sortMethods() took 0 ms.
2025-03-17 03:25:26 [INFO] org.testng.internal.Utils - [Utils] MethodGroupsHelper.collectMethodsByGroup() took 8 ms.
2025-03-17 03:25:26 [INFO] org.testng.internal.Utils - [Utils] MethodGroupsHelper.sortMethods() took 10 ms.
2025-03-17 03:25:26 [INFO] org.testng.internal.Utils - [Utils] MethodGroupsHelper.collectMethodsByGroup() took 0 ms.
2025-03-17 03:25:26 [INFO] org.testng.internal.Utils - [Utils] MethodGroupsHelper.sortMethods() took 0 ms.
2025-03-17 03:25:26 [INFO] org.testng.internal.Utils - [Utils] MethodGroupsHelper.collectMethodsByGroup() took 0 ms.
2025-03-17 03:25:26 [INFO] org.testng.internal.Utils - [Utils] MethodGroupsHelper.sortMethods() took 0 ms.
2025-03-17 03:25:26 [INFO] org.testng.internal.Utils - [TestNG] Running:
  C:\Users\LENOVO\AppData\Local\Temp\testng-eclipse--923965229\testng-customsuite.xml

2025-03-17 03:25:26 [INFO] org.testng.internal.Utils - [Utils] DynamicGraphHelper.createDynamicGraph() took 6 ms.
2025-03-17 03:25:31 [INFO] org.testng.internal.Utils - [TestNG] Time taken by org.testng.internal.ExitCodeListener@4ff66917: 0 ms
2025-03-17 03:25:31 [INFO] org.testng.internal.Utils - [TestNG] Time taken by org.testng.reporters.SuiteHTMLReporter@362a561e: 29 ms
2025-03-17 03:25:32 [INFO] org.testng.internal.Utils - [TestNG] Time taken by org.testng.reporters.jq.Main@496cedbb: 347 ms
2025-03-17 03:25:32 [INFO] org.testng.internal.Utils - [TestNG] Time taken by org.testng.reporters.FailedReporter@6b6def36: 1 ms
2025-03-17 03:25:32 [INFO] org.testng.internal.Utils - [TestNG] Time taken by org.testng.reporters.XMLReporter@5ce3409b: 10 ms
2025-03-17 03:25:32 [INFO] org.testng.internal.Utils - [TestNG] Time taken by org.testng.reporters.EmailableReporter2@70f4f89e: 9 ms
2025-03-17 03:25:32 [INFO] org.testng.internal.Utils - [TestNG] Time taken by org.testng.reporters.JUnitReportReporter@750cd36d: 8 ms
2025-03-17 03:28:15 [INFO] org.testng.internal.Utils - [Utils] MethodGroupsHelper.collectMethodsByGroup() took 0 ms.
2025-03-17 03:28:15 [INFO] org.testng.internal.Utils - [Utils] MethodGroupsHelper.sortMethods() took 1 ms.
2025-03-17 03:28:15 [INFO] org.testng.internal.Utils - [Utils] MethodGroupsHelper.collectMethodsByGroup() took 0 ms.
2025-03-17 03:28:15 [INFO] org.testng.internal.Utils - [Utils] MethodGroupsHelper.sortMethods() took 0 ms.
2025-03-17 03:28:15 [INFO] org.testng.internal.Utils - [Utils] MethodGroupsHelper.collectMethodsByGroup() took 0 ms.
2025-03-17 03:28:15 [INFO] org.testng.internal.Utils - [Utils] MethodGroupsHelper.sortMethods() took 0 ms.
2025-03-17 03:28:15 [INFO] org.testng.internal.Utils - [Utils] MethodGroupsHelper.collectMethodsByGroup() took 0 ms.
2025-03-17 03:28:15 [INFO] org.testng.internal.Utils - [Utils] MethodGroupsHelper.sortMethods() took 0 ms.
2025-03-17 03:28:15 [INFO] org.testng.internal.Utils - [Utils] MethodGroupsHelper.collectMethodsByGroup() took 0 ms.
2025-03-17 03:28:15 [INFO] org.testng.internal.Utils - [Utils] MethodGroupsHelper.sortMethods() took 0 ms.
2025-03-17 03:28:15 [INFO] org.testng.internal.Utils - [Utils] MethodGroupsHelper.collectMethodsByGroup() took 0 ms.
2025-03-17 03:28:15 [INFO] org.testng.internal.Utils - [Utils] MethodGroupsHelper.sortMethods() took 0 ms.
2025-03-17 03:28:15 [INFO] org.testng.internal.Utils - [Utils] MethodGroupsHelper.collectMethodsByGroup() took 0 ms.
2025-03-17 03:28:15 [INFO] org.testng.internal.Utils - [Utils] MethodGroupsHelper.sortMethods() took 0 ms.
2025-03-17 03:28:15 [INFO] org.testng.internal.Utils - [Utils] MethodGroupsHelper.collectMethodsByGroup() took 0 ms.
2025-03-17 03:28:15 [INFO] org.testng.internal.Utils - [Utils] MethodGroupsHelper.sortMethods() took 0 ms.
2025-03-17 03:28:15 [INFO] org.testng.internal.Utils - [Utils] MethodGroupsHelper.collectMethodsByGroup() took 0 ms.
2025-03-17 03:28:15 [INFO] org.testng.internal.Utils - [Utils] MethodGroupsHelper.sortMethods() took 0 ms.
2025-03-17 03:28:15 [INFO] org.testng.internal.Utils - [Utils] MethodGroupsHelper.collectMethodsByGroup() took 0 ms.
2025-03-17 03:28:15 [INFO] org.testng.internal.Utils - [Utils] MethodGroupsHelper.sortMethods() took 0 ms.
2025-03-17 03:28:15 [INFO] org.testng.internal.Utils - [Utils] MethodGroupsHelper.collectMethodsByGroup() took 0 ms.
2025-03-17 03:28:15 [INFO] org.testng.internal.Utils - [Utils] MethodGroupsHelper.sortMethods() took 0 ms.
2025-03-17 03:28:15 [INFO] org.testng.internal.Utils - [Utils] MethodGroupsHelper.collectMethodsByGroup() took 0 ms.
2025-03-17 03:28:15 [INFO] org.testng.internal.Utils - [Utils] MethodGroupsHelper.sortMethods() took 0 ms.
2025-03-17 03:28:15 [INFO] org.testng.internal.Utils - [Utils] MethodGroupsHelper.collectMethodsByGroup() took 11 ms.
2025-03-17 03:28:15 [INFO] org.testng.internal.Utils - [Utils] MethodGroupsHelper.sortMethods() took 11 ms.
2025-03-17 03:28:15 [INFO] org.testng.internal.Utils - [Utils] MethodGroupsHelper.collectMethodsByGroup() took 0 ms.
2025-03-17 03:28:15 [INFO] org.testng.internal.Utils - [Utils] MethodGroupsHelper.sortMethods() took 0 ms.
2025-03-17 03:28:15 [INFO] org.testng.internal.Utils - [Utils] MethodGroupsHelper.collectMethodsByGroup() took 0 ms.
2025-03-17 03:28:15 [INFO] org.testng.internal.Utils - [Utils] MethodGroupsHelper.sortMethods() took 0 ms.
2025-03-17 03:28:15 [INFO] org.testng.internal.Utils - [TestNG] Running:
  C:\Users\LENOVO\AppData\Local\Temp\testng-eclipse--870992474\testng-customsuite.xml

2025-03-17 03:28:15 [INFO] org.testng.internal.Utils - [Utils] DynamicGraphHelper.createDynamicGraph() took 6 ms.
2025-03-17 03:28:20 [INFO] org.testng.internal.Utils - [TestNG] Time taken by org.testng.internal.ExitCodeListener@25a290ee: 0 ms
2025-03-17 03:28:20 [INFO] org.testng.internal.Utils - [TestNG] Time taken by org.testng.reporters.SuiteHTMLReporter@54f2df29: 53 ms
2025-03-17 03:28:20 [INFO] org.testng.internal.Utils - [TestNG] Time taken by org.testng.reporters.jq.Main@388f1258: 182 ms
2025-03-17 03:28:20 [INFO] org.testng.internal.Utils - [TestNG] Time taken by org.testng.reporters.FailedReporter@62058742: 0 ms
2025-03-17 03:28:20 [INFO] org.testng.internal.Utils - [TestNG] Time taken by org.testng.reporters.XMLReporter@6a4af081: 13 ms
2025-03-17 03:28:20 [INFO] org.testng.internal.Utils - [TestNG] Time taken by org.testng.reporters.EmailableReporter2@68e47e7: 14 ms
2025-03-17 03:28:20 [INFO] org.testng.internal.Utils - [TestNG] Time taken by org.testng.reporters.JUnitReportReporter@5409dfdd: 18 ms
2025-03-17 03:31:11 [INFO] org.testng.internal.Utils - [Utils] MethodGroupsHelper.collectMethodsByGroup() took 0 ms.
2025-03-17 03:31:11 [INFO] org.testng.internal.Utils - [Utils] MethodGroupsHelper.sortMethods() took 1 ms.
2025-03-17 03:31:11 [INFO] org.testng.internal.Utils - [Utils] MethodGroupsHelper.collectMethodsByGroup() took 0 ms.
2025-03-17 03:31:11 [INFO] org.testng.internal.Utils - [Utils] MethodGroupsHelper.sortMethods() took 0 ms.
2025-03-17 03:31:11 [INFO] org.testng.internal.Utils - [Utils] MethodGroupsHelper.collectMethodsByGroup() took 0 ms.
2025-03-17 03:31:11 [INFO] org.testng.internal.Utils - [Utils] MethodGroupsHelper.sortMethods() took 0 ms.
2025-03-17 03:31:11 [INFO] org.testng.internal.Utils - [Utils] MethodGroupsHelper.collectMethodsByGroup() took 0 ms.
2025-03-17 03:31:11 [INFO] org.testng.internal.Utils - [Utils] MethodGroupsHelper.sortMethods() took 0 ms.
2025-03-17 03:31:11 [INFO] org.testng.internal.Utils - [Utils] MethodGroupsHelper.collectMethodsByGroup() took 0 ms.
2025-03-17 03:31:11 [INFO] org.testng.internal.Utils - [Utils] MethodGroupsHelper.sortMethods() took 0 ms.
2025-03-17 03:31:11 [INFO] org.testng.internal.Utils - [Utils] MethodGroupsHelper.collectMethodsByGroup() took 0 ms.
2025-03-17 03:31:11 [INFO] org.testng.internal.Utils - [Utils] MethodGroupsHelper.sortMethods() took 0 ms.
2025-03-17 03:31:11 [INFO] org.testng.internal.Utils - [Utils] MethodGroupsHelper.collectMethodsByGroup() took 0 ms.
2025-03-17 03:31:11 [INFO] org.testng.internal.Utils - [Utils] MethodGroupsHelper.sortMethods() took 0 ms.
2025-03-17 03:31:11 [INFO] org.testng.internal.Utils - [Utils] MethodGroupsHelper.collectMethodsByGroup() took 0 ms.
2025-03-17 03:31:11 [INFO] org.testng.internal.Utils - [Utils] MethodGroupsHelper.sortMethods() took 0 ms.
2025-03-17 03:31:11 [INFO] org.testng.internal.Utils - [Utils] MethodGroupsHelper.collectMethodsByGroup() took 0 ms.
2025-03-17 03:31:11 [INFO] org.testng.internal.Utils - [Utils] MethodGroupsHelper.sortMethods() took 0 ms.
2025-03-17 03:31:11 [INFO] org.testng.internal.Utils - [Utils] MethodGroupsHelper.collectMethodsByGroup() took 0 ms.
2025-03-17 03:31:11 [INFO] org.testng.internal.Utils - [Utils] MethodGroupsHelper.sortMethods() took 0 ms.
2025-03-17 03:31:11 [INFO] org.testng.internal.Utils - [Utils] MethodGroupsHelper.collectMethodsByGroup() took 0 ms.
2025-03-17 03:31:11 [INFO] org.testng.internal.Utils - [Utils] MethodGroupsHelper.sortMethods() took 0 ms.
2025-03-17 03:31:11 [INFO] org.testng.internal.Utils - [Utils] MethodGroupsHelper.collectMethodsByGroup() took 0 ms.
2025-03-17 03:31:11 [INFO] org.testng.internal.Utils - [Utils] MethodGroupsHelper.sortMethods() took 0 ms.
2025-03-17 03:31:11 [INFO] org.testng.internal.Utils - [Utils] MethodGroupsHelper.collectMethodsByGroup() took 8 ms.
2025-03-17 03:31:11 [INFO] org.testng.internal.Utils - [Utils] MethodGroupsHelper.sortMethods() took 14 ms.
2025-03-17 03:31:11 [INFO] org.testng.internal.Utils - [Utils] MethodGroupsHelper.collectMethodsByGroup() took 0 ms.
2025-03-17 03:31:11 [INFO] org.testng.internal.Utils - [Utils] MethodGroupsHelper.sortMethods() took 0 ms.
2025-03-17 03:31:11 [INFO] org.testng.internal.Utils - [Utils] MethodGroupsHelper.collectMethodsByGroup() took 0 ms.
2025-03-17 03:31:11 [INFO] org.testng.internal.Utils - [Utils] MethodGroupsHelper.sortMethods() took 0 ms.
2025-03-17 03:31:11 [INFO] org.testng.internal.Utils - [TestNG] Running:
  C:\Users\LENOVO\AppData\Local\Temp\testng-eclipse-2121644123\testng-customsuite.xml

2025-03-17 03:31:11 [INFO] org.testng.internal.Utils - [Utils] DynamicGraphHelper.createDynamicGraph() took 8 ms.
2025-03-17 03:31:17 [INFO] org.testng.internal.Utils - [TestNG] Time taken by org.testng.internal.ExitCodeListener@2864f887: 0 ms
2025-03-17 03:31:17 [INFO] org.testng.internal.Utils - [TestNG] Time taken by org.testng.reporters.SuiteHTMLReporter@baa227e: 49 ms
2025-03-17 03:31:17 [INFO] org.testng.internal.Utils - [TestNG] Time taken by org.testng.reporters.jq.Main@77ce88c4: 173 ms
2025-03-17 03:31:17 [INFO] org.testng.internal.Utils - [TestNG] Time taken by org.testng.reporters.FailedReporter@11abd6c: 4 ms
2025-03-17 03:31:17 [INFO] org.testng.internal.Utils - [TestNG] Time taken by org.testng.reporters.XMLReporter@2cd3fc29: 14 ms
2025-03-17 03:31:17 [INFO] org.testng.internal.Utils - [TestNG] Time taken by org.testng.reporters.EmailableReporter2@7b44bfb8: 24 ms
2025-03-17 03:31:17 [INFO] org.testng.internal.Utils - [TestNG] Time taken by org.testng.reporters.JUnitReportReporter@2aa6bbad: 13 ms
2025-03-17 03:36:22 [INFO] org.testng.internal.Utils - [Utils] MethodGroupsHelper.collectMethodsByGroup() took 0 ms.
2025-03-17 03:36:22 [INFO] org.testng.internal.Utils - [Utils] MethodGroupsHelper.sortMethods() took 2 ms.
2025-03-17 03:36:22 [INFO] org.testng.internal.Utils - [Utils] MethodGroupsHelper.collectMethodsByGroup() took 0 ms.
2025-03-17 03:36:22 [INFO] org.testng.internal.Utils - [Utils] MethodGroupsHelper.sortMethods() took 0 ms.
2025-03-17 03:36:22 [INFO] org.testng.internal.Utils - [Utils] MethodGroupsHelper.collectMethodsByGroup() took 0 ms.
2025-03-17 03:36:22 [INFO] org.testng.internal.Utils - [Utils] MethodGroupsHelper.sortMethods() took 0 ms.
2025-03-17 03:36:22 [INFO] org.testng.internal.Utils - [Utils] MethodGroupsHelper.collectMethodsByGroup() took 0 ms.
2025-03-17 03:36:22 [INFO] org.testng.internal.Utils - [Utils] MethodGroupsHelper.sortMethods() took 0 ms.
2025-03-17 03:36:22 [INFO] org.testng.internal.Utils - [Utils] MethodGroupsHelper.collectMethodsByGroup() took 11 ms.
2025-03-17 03:36:22 [INFO] org.testng.internal.Utils - [Utils] MethodGroupsHelper.sortMethods() took 32 ms.
2025-03-17 03:36:22 [INFO] org.testng.internal.Utils - [Utils] MethodGroupsHelper.collectMethodsByGroup() took 0 ms.
2025-03-17 03:36:22 [INFO] org.testng.internal.Utils - [Utils] MethodGroupsHelper.sortMethods() took 0 ms.
2025-03-17 03:36:22 [INFO] org.testng.internal.Utils - [Utils] MethodGroupsHelper.collectMethodsByGroup() took 0 ms.
2025-03-17 03:36:22 [INFO] org.testng.internal.Utils - [Utils] MethodGroupsHelper.sortMethods() took 0 ms.
2025-03-17 03:36:22 [INFO] org.testng.internal.Utils - [Utils] MethodGroupsHelper.collectMethodsByGroup() took 0 ms.
2025-03-17 03:36:22 [INFO] org.testng.internal.Utils - [Utils] MethodGroupsHelper.sortMethods() took 0 ms.
2025-03-17 03:36:22 [INFO] org.testng.internal.Utils - [Utils] MethodGroupsHelper.collectMethodsByGroup() took 0 ms.
2025-03-17 03:36:22 [INFO] org.testng.internal.Utils - [Utils] MethodGroupsHelper.sortMethods() took 0 ms.
2025-03-17 03:36:22 [INFO] org.testng.internal.Utils - [Utils] MethodGroupsHelper.collectMethodsByGroup() took 0 ms.
2025-03-17 03:36:22 [INFO] org.testng.internal.Utils - [Utils] MethodGroupsHelper.sortMethods() took 0 ms.
2025-03-17 03:36:22 [INFO] org.testng.internal.Utils - [Utils] MethodGroupsHelper.collectMethodsByGroup() took 0 ms.
2025-03-17 03:36:22 [INFO] org.testng.internal.Utils - [Utils] MethodGroupsHelper.sortMethods() took 0 ms.
2025-03-17 03:36:22 [INFO] org.testng.internal.Utils - [Utils] MethodGroupsHelper.collectMethodsByGroup() took 0 ms.
2025-03-17 03:36:22 [INFO] org.testng.internal.Utils - [Utils] MethodGroupsHelper.sortMethods() took 0 ms.
2025-03-17 03:36:22 [INFO] org.testng.internal.Utils - [Utils] MethodGroupsHelper.collectMethodsByGroup() took 1 ms.
2025-03-17 03:36:22 [INFO] org.testng.internal.Utils - [Utils] MethodGroupsHelper.sortMethods() took 0 ms.
2025-03-17 03:36:22 [INFO] org.testng.internal.Utils - [Utils] MethodGroupsHelper.collectMethodsByGroup() took 0 ms.
2025-03-17 03:36:22 [INFO] org.testng.internal.Utils - [Utils] MethodGroupsHelper.sortMethods() took 0 ms.
2025-03-17 03:36:22 [INFO] org.testng.internal.Utils - [Utils] MethodGroupsHelper.collectMethodsByGroup() took 0 ms.
2025-03-17 03:36:22 [INFO] org.testng.internal.Utils - [Utils] MethodGroupsHelper.sortMethods() took 0 ms.
2025-03-17 03:36:22 [INFO] org.testng.internal.Utils - [TestNG] Running:
  C:\Users\LENOVO\AppData\Local\Temp\testng-eclipse-1662883872\testng-customsuite.xml

2025-03-17 03:36:22 [INFO] org.testng.internal.Utils - [Utils] DynamicGraphHelper.createDynamicGraph() took 4 ms.
2025-03-17 03:36:26 [INFO] org.testng.internal.Utils - [TestNG] Time taken by org.testng.internal.ExitCodeListener@35ac9ebd: 0 ms
2025-03-17 03:36:26 [INFO] org.testng.internal.Utils - [TestNG] Time taken by org.testng.reporters.SuiteHTMLReporter@7f4e5a39: 133 ms
2025-03-17 03:36:26 [INFO] org.testng.internal.Utils - [TestNG] Time taken by org.testng.reporters.jq.Main@26874f2c: 279 ms
2025-03-17 03:36:26 [INFO] org.testng.internal.Utils - [TestNG] Time taken by org.testng.reporters.FailedReporter@5f3b84bd: 1 ms
2025-03-17 03:36:26 [INFO] org.testng.internal.Utils - [TestNG] Time taken by org.testng.reporters.XMLReporter@aca3c85: 9 ms
2025-03-17 03:36:26 [INFO] org.testng.internal.Utils - [TestNG] Time taken by org.testng.reporters.EmailableReporter2@1ccc1026: 36 ms
2025-03-17 03:36:26 [INFO] org.testng.internal.Utils - [TestNG] Time taken by org.testng.reporters.JUnitReportReporter@722787b5: 14 ms
2025-03-17 03:39:56 [INFO] org.testng.internal.Utils - [TestNG] Running:
  C:\Users\LENOVO\eclipse-workspace\lavatech\src\AutomationQA\RestAssuredPractice\testng.xml

2025-03-17 15:09:09 [INFO] org.testng.internal.Utils - [Utils] MethodGroupsHelper.collectMethodsByGroup() took 0 ms.
2025-03-17 15:09:09 [INFO] org.testng.internal.Utils - [Utils] MethodGroupsHelper.sortMethods() took 2 ms.
2025-03-17 15:09:09 [INFO] org.testng.internal.Utils - [Utils] MethodGroupsHelper.collectMethodsByGroup() took 0 ms.
2025-03-17 15:09:09 [INFO] org.testng.internal.Utils - [Utils] MethodGroupsHelper.sortMethods() took 0 ms.
2025-03-17 15:09:09 [INFO] org.testng.internal.Utils - [Utils] MethodGroupsHelper.collectMethodsByGroup() took 0 ms.
2025-03-17 15:09:09 [INFO] org.testng.internal.Utils - [Utils] MethodGroupsHelper.sortMethods() took 0 ms.
2025-03-17 15:09:09 [INFO] org.testng.internal.Utils - [Utils] MethodGroupsHelper.collectMethodsByGroup() took 0 ms.
2025-03-17 15:09:09 [INFO] org.testng.internal.Utils - [Utils] MethodGroupsHelper.sortMethods() took 0 ms.
2025-03-17 15:09:09 [INFO] org.testng.internal.Utils - [Utils] MethodGroupsHelper.collectMethodsByGroup() took 0 ms.
2025-03-17 15:09:09 [INFO] org.testng.internal.Utils - [Utils] MethodGroupsHelper.sortMethods() took 0 ms.
2025-03-17 15:09:09 [INFO] org.testng.internal.Utils - [Utils] MethodGroupsHelper.collectMethodsByGroup() took 0 ms.
2025-03-17 15:09:09 [INFO] org.testng.internal.Utils - [Utils] MethodGroupsHelper.sortMethods() took 0 ms.
2025-03-17 15:09:09 [INFO] org.testng.internal.Utils - [Utils] MethodGroupsHelper.collectMethodsByGroup() took 0 ms.
2025-03-17 15:09:09 [INFO] org.testng.internal.Utils - [Utils] MethodGroupsHelper.sortMethods() took 0 ms.
2025-03-17 15:09:09 [INFO] org.testng.internal.Utils - [Utils] MethodGroupsHelper.collectMethodsByGroup() took 0 ms.
2025-03-17 15:09:09 [INFO] org.testng.internal.Utils - [Utils] MethodGroupsHelper.sortMethods() took 0 ms.
2025-03-17 15:09:09 [INFO] org.testng.internal.Utils - [Utils] MethodGroupsHelper.collectMethodsByGroup() took 0 ms.
2025-03-17 15:09:09 [INFO] org.testng.internal.Utils - [Utils] MethodGroupsHelper.sortMethods() took 0 ms.
2025-03-17 15:09:09 [INFO] org.testng.internal.Utils - [Utils] MethodGroupsHelper.collectMethodsByGroup() took 0 ms.
2025-03-17 15:09:09 [INFO] org.testng.internal.Utils - [Utils] MethodGroupsHelper.sortMethods() took 0 ms.
2025-03-17 15:09:09 [INFO] org.testng.internal.Utils - [Utils] MethodGroupsHelper.collectMethodsByGroup() took 0 ms.
2025-03-17 15:09:09 [INFO] org.testng.internal.Utils - [Utils] MethodGroupsHelper.sortMethods() took 0 ms.
2025-03-17 15:09:09 [INFO] org.testng.internal.Utils - [Utils] MethodGroupsHelper.collectMethodsByGroup() took 0 ms.
2025-03-17 15:09:09 [INFO] org.testng.internal.Utils - [Utils] MethodGroupsHelper.sortMethods() took 0 ms.
2025-03-17 15:09:09 [INFO] org.testng.internal.Utils - [Utils] MethodGroupsHelper.collectMethodsByGroup() took 5 ms.
2025-03-17 15:09:09 [INFO] org.testng.internal.Utils - [Utils] MethodGroupsHelper.sortMethods() took 11 ms.
2025-03-17 15:09:09 [INFO] org.testng.internal.Utils - [Utils] MethodGroupsHelper.collectMethodsByGroup() took 0 ms.
2025-03-17 15:09:09 [INFO] org.testng.internal.Utils - [Utils] MethodGroupsHelper.sortMethods() took 0 ms.
2025-03-17 15:09:09 [INFO] org.testng.internal.Utils - [Utils] MethodGroupsHelper.collectMethodsByGroup() took 0 ms.
2025-03-17 15:09:09 [INFO] org.testng.internal.Utils - [Utils] MethodGroupsHelper.sortMethods() took 0 ms.
2025-03-17 15:09:09 [INFO] org.testng.internal.Utils - [TestNG] Running:
  C:\Users\LENOVO\AppData\Local\Temp\testng-eclipse-953219648\testng-customsuite.xml

2025-03-17 15:09:09 [INFO] org.testng.internal.Utils - [Utils] DynamicGraphHelper.createDynamicGraph() took 5 ms.
2025-03-17 15:09:15 [INFO] org.testng.internal.Utils - [TestNG] Time taken by org.testng.internal.ExitCodeListener@2347b7af: 0 ms
2025-03-17 15:09:15 [INFO] org.testng.internal.Utils - [TestNG] Time taken by org.testng.reporters.SuiteHTMLReporter@2026fbff: 66 ms
2025-03-17 15:09:15 [INFO] org.testng.internal.Utils - [TestNG] Time taken by org.testng.reporters.jq.Main@78318ac2: 297 ms
2025-03-17 15:09:15 [INFO] org.testng.internal.Utils - [TestNG] Time taken by org.testng.reporters.FailedReporter@77ce88c4: 1 ms
2025-03-17 15:09:15 [INFO] org.testng.internal.Utils - [TestNG] Time taken by org.testng.reporters.XMLReporter@37fef327: 11 ms
2025-03-17 15:09:15 [INFO] org.testng.internal.Utils - [TestNG] Time taken by org.testng.reporters.EmailableReporter2@65e4cb84: 11 ms
2025-03-17 15:09:15 [INFO] org.testng.internal.Utils - [TestNG] Time taken by org.testng.reporters.JUnitReportReporter@b55f5b7: 6 ms
